// Vitest Snapshot v1, https://vitest.dev/guide/snapshot.html

exports[`renders correctly 1`] = `
<header
  className="_wrapper_f67eb6"
>
  Test
</header>
`;
